
T5691.hs:14:9:
    Couldn't match type ‘p’ with ‘PrintRuleInterp’
    Expected type: p a
      Actual type: PrintRuleInterp a
    When checking that the pattern signature: p a
      fits the type of its context: PrintRuleInterp a
    In the pattern: f :: p a
    In an equation for ‘test’: test (f :: p a) = MkPRI $ printRule_ f

T5691.hs:15:24:
    Couldn't match type ‘p’ with ‘PrintRuleInterp’
    Expected type: PrintRuleInterp a
      Actual type: p a
    Relevant bindings include f :: p a (bound at T5691.hs:14:9)
    In the first argument of ‘printRule_’, namely ‘f’
    In the second argument of ‘($)’, namely ‘printRule_ f’

T5691.hs:24:10:
    No instance for (Alternative RecDecParser)
      arising from the superclasses of an instance declaration
    In the instance declaration for ‘MonadPlus RecDecParser’

T5691.hs:24:10:
    No instance for (Monad RecDecParser)
      arising from the superclasses of an instance declaration
    In the instance declaration for ‘MonadPlus RecDecParser’
