
tcfail020.hs:10:10:
    No instance for (A [a])
      arising from the superclasses of an instance declaration
    In the instance declaration for ‘B [a]’
