
cmdFail006.hs:4:15: error: Parse error in command: ~(_ -< _)
