
patFail006.hs:3:4: error: Parse error in pattern: -(1)
