
ImpSafe04.hs:9:1:
    Data.Word: Can't be safely imported!
    The package (base-4.9.0.0) the module resides in isn't trusted.
