T9579_outofheap_rtsall: Heap exhausted;
Current maximum heap size is 1048576 bytes (1 MB);
use `+RTS -M<size>' to increase it.
