
package09e.hs:2:1:
    Ambiguous interface for â€˜Mâ€™:
      it is bound as Data.Set by a package flag
      it is bound as Data.Map by a package flag
