[4 of 4] Compiling TcPlugin_TyFam   ( TcPlugin_TyFam.hs, TcPlugin_TyFam.o )
