[1 of 3] Compiling SH_Overlap10_B  (.hs -> .o)
[2 of 3] Compiling SH_Overlap10_A  (.hs -> .o)
[3 of 3] Compiling SH_Overlap10    (.hs -> .o)
