mod183.hs:5:26: Multiple occurences of 'qualified'
