
T2901.hs:6:5: error:
    Not in scope: data constructor ‘F.Foo’
    No module named ‘F’ is imported.

T2901.hs:6:13: error:
    ‘F.field’ is not a (visible) constructor field name
