
D063.hs:2:1: error:
    Failed to load interface for ‘A063’
    It is not a module in the current program, or in any known package.
