
Ppr016.hs:3:13: error:
    • Illegal qualified type: (?above::q, ?below::a -> q) => b
      Perhaps you intended to use RankNTypes or Rank2Types
    • In the type signature:
        explicit :: ((?above :: q, ?below :: a -> q) => b)
                    -> q -> (a -> q) -> b

Ppr016.ppr.hs:3:3: error:
    • Illegal qualified type: (?above::q, ?below::a -> q) => b
      Perhaps you intended to use RankNTypes or Rank2Types
    • In the type signature:
        explicit :: ((?above :: q, ?below :: a -> q) => b)
                    -> q -> (a -> q) -> b
