[1 of 2] Compiling SafeInfered02_A (.hs -> .o)
[2 of 2] Compiling SafeInfered02   (.hs -> .o)
